%Warning-TIMESCALEMOD: tp1_pkg.sv:9:9: Timescale missing on this module as other modules have it (IEEE 1800-2023 3.14.2.3)
    9 | package tp1_pkg;
      |         ^~~~~~~
                       top_module_tb.sv:2:8: ... Location of module with timescale
    2 | module top_module_tb;
      |        ^~~~~~~~~~~~~
                       ... For warning description see https://verilator.org/warn/TIMESCALEMOD?v=5.043
                       ... Use "/* verilator lint_off TIMESCALEMOD */" and lint_on around source to disable this message.
%Warning-TIMESCALEMOD: bloques_alu.sv:4:8: Timescale missing on this module as other modules have it (IEEE 1800-2023 3.14.2.3)
    4 | module sumador_flags #(parameter int DATA_WIDTH = 32) (
      |        ^~~~~~~~~~~~~
                       top_module_tb.sv:2:8: ... Location of module with timescale
    2 | module top_module_tb;
      |        ^~~~~~~~~~~~~
%Warning-TIMESCALEMOD: bloques_alu.sv:14:8: Timescale missing on this module as other modules have it (IEEE 1800-2023 3.14.2.3)
   14 | module restador_flags #(parameter int DATA_WIDTH = 32) (
      |        ^~~~~~~~~~~~~~
                       top_module_tb.sv:2:8: ... Location of module with timescale
    2 | module top_module_tb;
      |        ^~~~~~~~~~~~~
%Warning-TIMESCALEMOD: bloques_alu.sv:26:8: Timescale missing on this module as other modules have it (IEEE 1800-2023 3.14.2.3)
   26 | module comparador #(parameter int DATA_WIDTH = 32) (
      |        ^~~~~~~~~~
                       top_module_tb.sv:2:8: ... Location of module with timescale
    2 | module top_module_tb;
      |        ^~~~~~~~~~~~~
%Warning-TIMESCALEMOD: bloques_alu.sv:33:8: Timescale missing on this module as other modules have it (IEEE 1800-2023 3.14.2.3)
   33 | module negativo #(parameter int DATA_WIDTH = 32) (
      |        ^~~~~~~~
                       top_module_tb.sv:2:8: ... Location of module with timescale
    2 | module top_module_tb;
      |        ^~~~~~~~~~~~~
%Warning-TIMESCALEMOD: alu.sv:4:8: Timescale missing on this module as other modules have it (IEEE 1800-2023 3.14.2.3)
    4 | module alu #(parameter int DATA_WIDTH = 32) (alu_if.alu alu_io);
      |        ^~~
                       top_module_tb.sv:2:8: ... Location of module with timescale
    2 | module top_module_tb;
      |        ^~~~~~~~~~~~~
%Warning-TIMESCALEMOD: reg_file.sv:13:8: Timescale missing on this module as other modules have it (IEEE 1800-2023 3.14.2.3)
   13 | module reg_file #(
      |        ^~~~~~~~
                       top_module_tb.sv:2:8: ... Location of module with timescale
    2 | module top_module_tb;
      |        ^~~~~~~~~~~~~
%Warning-TIMESCALEMOD: datapath.sv:4:8: Timescale missing on this module as other modules have it (IEEE 1800-2023 3.14.2.3)
    4 | module datapath (
      |        ^~~~~~~~
                       top_module_tb.sv:2:8: ... Location of module with timescale
    2 | module top_module_tb;
      |        ^~~~~~~~~~~~~
%Warning-TIMESCALEMOD: registro_orden.sv:2:8: Timescale missing on this module as other modules have it (IEEE 1800-2023 3.14.2.3)
    2 | module registro_orden (
      |        ^~~~~~~~~~~~~~
                       top_module_tb.sv:2:8: ... Location of module with timescale
    2 | module top_module_tb;
      |        ^~~~~~~~~~~~~
%Warning-TIMESCALEMOD: fsm.sv:13:8: Timescale missing on this module as other modules have it (IEEE 1800-2023 3.14.2.3)
   13 | module fsm (
      |        ^~~
                       top_module_tb.sv:2:8: ... Location of module with timescale
    2 | module top_module_tb;
      |        ^~~~~~~~~~~~~
%Warning-TIMESCALEMOD: top_module.sv:3:8: Timescale missing on this module as other modules have it (IEEE 1800-2023 3.14.2.3)
    3 | module top_module (
      |        ^~~~~~~~~~
                       top_module_tb.sv:2:8: ... Location of module with timescale
    2 | module top_module_tb;
      |        ^~~~~~~~~~~~~
%Warning-IMPORTSTAR: datapath.sv:1:8: 'import::*' in $unit scope may pollute global namespace
    1 | import tp1_pkg::*;
      |        ^~~~~~~
                     ... For warning description see https://verilator.org/warn/IMPORTSTAR?v=5.043
                     ... Use "/* verilator lint_off IMPORTSTAR */" and lint_on around source to disable this message.
%Warning-IMPORTSTAR: top_module.sv:1:8: 'import::*' in $unit scope may pollute global namespace
    1 | import tp1_pkg::*;
      |        ^~~~~~~
%Warning-PROCASSINIT: top_module_tb.sv:3:17: Procedural assignment to declaration with initial value: 'clk'
                                           : ... note: In instance 'top_module_tb'
                                           : ... Location of variable initialization
    3 |     logic clk = 0;
      |                 ^
                      top_module_tb.sv:4:15: ... Location of variable process write
                                           : ... Perhaps should initialize instead using a reset in this process
    4 |     always #5 clk = ~clk;
      |               ^~~
                      ... For warning description see https://verilator.org/warn/PROCASSINIT?v=5.043
                      ... Use "/* verilator lint_off PROCASSINIT */" and lint_on around source to disable this message.
make[1]: se entra en el directorio '/tmp/tp1-sim.Q3U14C/obj_dir'
g++ -Os  -I.  -MMD -I/opt/oss-cad-suite/share/verilator/include -I/opt/oss-cad-suite/share/verilator/include/vltstd -DVERILATOR=1 -DVM_COVERAGE=0 -DVM_SC=0 -DVM_TIMING=1 -DVM_TRACE=1 -DVM_TRACE_FST=0 -DVM_TRACE_VCD=1 -DVM_TRACE_SAIF=0 -faligned-new -fcf-protection=none -Wno-bool-operation -Wno-int-in-bool-context -Wno-shadow -Wno-sign-compare -Wno-subobject-linkage -Wno-tautological-compare -Wno-uninitialized -Wno-unused-but-set-parameter -Wno-unused-but-set-variable -Wno-unused-parameter -Wno-unused-variable    -DVL_TIME_CONTEXT   -fcoroutines -c -o verilated.o /opt/oss-cad-suite/share/verilator/include/verilated.cpp
g++ -Os  -I.  -MMD -I/opt/oss-cad-suite/share/verilator/include -I/opt/oss-cad-suite/share/verilator/include/vltstd -DVERILATOR=1 -DVM_COVERAGE=0 -DVM_SC=0 -DVM_TIMING=1 -DVM_TRACE=1 -DVM_TRACE_FST=0 -DVM_TRACE_VCD=1 -DVM_TRACE_SAIF=0 -faligned-new -fcf-protection=none -Wno-bool-operation -Wno-int-in-bool-context -Wno-shadow -Wno-sign-compare -Wno-subobject-linkage -Wno-tautological-compare -Wno-uninitialized -Wno-unused-but-set-parameter -Wno-unused-but-set-variable -Wno-unused-parameter -Wno-unused-variable    -DVL_TIME_CONTEXT   -fcoroutines -c -o verilated_vcd_c.o /opt/oss-cad-suite/share/verilator/include/verilated_vcd_c.cpp
g++ -Os  -I.  -MMD -I/opt/oss-cad-suite/share/verilator/include -I/opt/oss-cad-suite/share/verilator/include/vltstd -DVERILATOR=1 -DVM_COVERAGE=0 -DVM_SC=0 -DVM_TIMING=1 -DVM_TRACE=1 -DVM_TRACE_FST=0 -DVM_TRACE_VCD=1 -DVM_TRACE_SAIF=0 -faligned-new -fcf-protection=none -Wno-bool-operation -Wno-int-in-bool-context -Wno-shadow -Wno-sign-compare -Wno-subobject-linkage -Wno-tautological-compare -Wno-uninitialized -Wno-unused-but-set-parameter -Wno-unused-but-set-variable -Wno-unused-parameter -Wno-unused-variable    -DVL_TIME_CONTEXT   -fcoroutines -c -o verilated_timing.o /opt/oss-cad-suite/share/verilator/include/verilated_timing.cpp
g++ -Os  -I.  -MMD -I/opt/oss-cad-suite/share/verilator/include -I/opt/oss-cad-suite/share/verilator/include/vltstd -DVERILATOR=1 -DVM_COVERAGE=0 -DVM_SC=0 -DVM_TIMING=1 -DVM_TRACE=1 -DVM_TRACE_FST=0 -DVM_TRACE_VCD=1 -DVM_TRACE_SAIF=0 -faligned-new -fcf-protection=none -Wno-bool-operation -Wno-int-in-bool-context -Wno-shadow -Wno-sign-compare -Wno-subobject-linkage -Wno-tautological-compare -Wno-uninitialized -Wno-unused-but-set-parameter -Wno-unused-but-set-variable -Wno-unused-parameter -Wno-unused-variable    -DVL_TIME_CONTEXT   -fcoroutines -c -o verilated_threads.o /opt/oss-cad-suite/share/verilator/include/verilated_threads.cpp
g++ -Os  -I.  -MMD -I/opt/oss-cad-suite/share/verilator/include -I/opt/oss-cad-suite/share/verilator/include/vltstd -DVERILATOR=1 -DVM_COVERAGE=0 -DVM_SC=0 -DVM_TIMING=1 -DVM_TRACE=1 -DVM_TRACE_FST=0 -DVM_TRACE_VCD=1 -DVM_TRACE_SAIF=0 -faligned-new -fcf-protection=none -Wno-bool-operation -Wno-int-in-bool-context -Wno-shadow -Wno-sign-compare -Wno-subobject-linkage -Wno-tautological-compare -Wno-uninitialized -Wno-unused-but-set-parameter -Wno-unused-but-set-variable -Wno-unused-parameter -Wno-unused-variable    -DVL_TIME_CONTEXT   -fcoroutines -x c++-header Vtop_module_tb__pch.h -o Vtop_module_tb__pch.h.fast.gch
g++   -I.  -MMD -I/opt/oss-cad-suite/share/verilator/include -I/opt/oss-cad-suite/share/verilator/include/vltstd -DVERILATOR=1 -DVM_COVERAGE=0 -DVM_SC=0 -DVM_TIMING=1 -DVM_TRACE=1 -DVM_TRACE_FST=0 -DVM_TRACE_VCD=1 -DVM_TRACE_SAIF=0 -faligned-new -fcf-protection=none -Wno-bool-operation -Wno-int-in-bool-context -Wno-shadow -Wno-sign-compare -Wno-subobject-linkage -Wno-tautological-compare -Wno-uninitialized -Wno-unused-but-set-parameter -Wno-unused-but-set-variable -Wno-unused-parameter -Wno-unused-variable    -DVL_TIME_CONTEXT   -fcoroutines -x c++-header Vtop_module_tb__pch.h -o Vtop_module_tb__pch.h.slow.gch
g++ -Os  -I.  -MMD -I/opt/oss-cad-suite/share/verilator/include -I/opt/oss-cad-suite/share/verilator/include/vltstd -DVERILATOR=1 -DVM_COVERAGE=0 -DVM_SC=0 -DVM_TIMING=1 -DVM_TRACE=1 -DVM_TRACE_FST=0 -DVM_TRACE_VCD=1 -DVM_TRACE_SAIF=0 -faligned-new -fcf-protection=none -Wno-bool-operation -Wno-int-in-bool-context -Wno-shadow -Wno-sign-compare -Wno-subobject-linkage -Wno-tautological-compare -Wno-uninitialized -Wno-unused-but-set-parameter -Wno-unused-but-set-variable -Wno-unused-parameter -Wno-unused-variable    -DVL_TIME_CONTEXT   -fcoroutines -include Vtop_module_tb__pch.h.fast -c -o Vtop_module_tb.o Vtop_module_tb.cpp
g++ -Os  -I.  -MMD -I/opt/oss-cad-suite/share/verilator/include -I/opt/oss-cad-suite/share/verilator/include/vltstd -DVERILATOR=1 -DVM_COVERAGE=0 -DVM_SC=0 -DVM_TIMING=1 -DVM_TRACE=1 -DVM_TRACE_FST=0 -DVM_TRACE_VCD=1 -DVM_TRACE_SAIF=0 -faligned-new -fcf-protection=none -Wno-bool-operation -Wno-int-in-bool-context -Wno-shadow -Wno-sign-compare -Wno-subobject-linkage -Wno-tautological-compare -Wno-uninitialized -Wno-unused-but-set-parameter -Wno-unused-but-set-variable -Wno-unused-parameter -Wno-unused-variable    -DVL_TIME_CONTEXT   -fcoroutines -include Vtop_module_tb__pch.h.fast -c -o Vtop_module_tb___024root__0.o Vtop_module_tb___024root__0.cpp
g++ -Os  -I.  -MMD -I/opt/oss-cad-suite/share/verilator/include -I/opt/oss-cad-suite/share/verilator/include/vltstd -DVERILATOR=1 -DVM_COVERAGE=0 -DVM_SC=0 -DVM_TIMING=1 -DVM_TRACE=1 -DVM_TRACE_FST=0 -DVM_TRACE_VCD=1 -DVM_TRACE_SAIF=0 -faligned-new -fcf-protection=none -Wno-bool-operation -Wno-int-in-bool-context -Wno-shadow -Wno-sign-compare -Wno-subobject-linkage -Wno-tautological-compare -Wno-uninitialized -Wno-unused-but-set-parameter -Wno-unused-but-set-variable -Wno-unused-parameter -Wno-unused-variable    -DVL_TIME_CONTEXT   -fcoroutines -include Vtop_module_tb__pch.h.fast -c -o Vtop_module_tb__main.o Vtop_module_tb__main.cpp
g++ -Os  -I.  -MMD -I/opt/oss-cad-suite/share/verilator/include -I/opt/oss-cad-suite/share/verilator/include/vltstd -DVERILATOR=1 -DVM_COVERAGE=0 -DVM_SC=0 -DVM_TIMING=1 -DVM_TRACE=1 -DVM_TRACE_FST=0 -DVM_TRACE_VCD=1 -DVM_TRACE_SAIF=0 -faligned-new -fcf-protection=none -Wno-bool-operation -Wno-int-in-bool-context -Wno-shadow -Wno-sign-compare -Wno-subobject-linkage -Wno-tautological-compare -Wno-uninitialized -Wno-unused-but-set-parameter -Wno-unused-but-set-variable -Wno-unused-parameter -Wno-unused-variable    -DVL_TIME_CONTEXT   -fcoroutines -include Vtop_module_tb__pch.h.fast -c -o Vtop_module_tb__Trace__0.o Vtop_module_tb__Trace__0.cpp
g++   -I.  -MMD -I/opt/oss-cad-suite/share/verilator/include -I/opt/oss-cad-suite/share/verilator/include/vltstd -DVERILATOR=1 -DVM_COVERAGE=0 -DVM_SC=0 -DVM_TIMING=1 -DVM_TRACE=1 -DVM_TRACE_FST=0 -DVM_TRACE_VCD=1 -DVM_TRACE_SAIF=0 -faligned-new -fcf-protection=none -Wno-bool-operation -Wno-int-in-bool-context -Wno-shadow -Wno-sign-compare -Wno-subobject-linkage -Wno-tautological-compare -Wno-uninitialized -Wno-unused-but-set-parameter -Wno-unused-but-set-variable -Wno-unused-parameter -Wno-unused-variable    -DVL_TIME_CONTEXT   -fcoroutines -include Vtop_module_tb__pch.h.slow -c -o Vtop_module_tb__ConstPool__0__Slow.o Vtop_module_tb__ConstPool__0__Slow.cpp
g++   -I.  -MMD -I/opt/oss-cad-suite/share/verilator/include -I/opt/oss-cad-suite/share/verilator/include/vltstd -DVERILATOR=1 -DVM_COVERAGE=0 -DVM_SC=0 -DVM_TIMING=1 -DVM_TRACE=1 -DVM_TRACE_FST=0 -DVM_TRACE_VCD=1 -DVM_TRACE_SAIF=0 -faligned-new -fcf-protection=none -Wno-bool-operation -Wno-int-in-bool-context -Wno-shadow -Wno-sign-compare -Wno-subobject-linkage -Wno-tautological-compare -Wno-uninitialized -Wno-unused-but-set-parameter -Wno-unused-but-set-variable -Wno-unused-parameter -Wno-unused-variable    -DVL_TIME_CONTEXT   -fcoroutines -include Vtop_module_tb__pch.h.slow -c -o Vtop_module_tb___024root__Slow.o Vtop_module_tb___024root__Slow.cpp
g++   -I.  -MMD -I/opt/oss-cad-suite/share/verilator/include -I/opt/oss-cad-suite/share/verilator/include/vltstd -DVERILATOR=1 -DVM_COVERAGE=0 -DVM_SC=0 -DVM_TIMING=1 -DVM_TRACE=1 -DVM_TRACE_FST=0 -DVM_TRACE_VCD=1 -DVM_TRACE_SAIF=0 -faligned-new -fcf-protection=none -Wno-bool-operation -Wno-int-in-bool-context -Wno-shadow -Wno-sign-compare -Wno-subobject-linkage -Wno-tautological-compare -Wno-uninitialized -Wno-unused-but-set-parameter -Wno-unused-but-set-variable -Wno-unused-parameter -Wno-unused-variable    -DVL_TIME_CONTEXT   -fcoroutines -include Vtop_module_tb__pch.h.slow -c -o Vtop_module_tb___024root__0__Slow.o Vtop_module_tb___024root__0__Slow.cpp
g++   -I.  -MMD -I/opt/oss-cad-suite/share/verilator/include -I/opt/oss-cad-suite/share/verilator/include/vltstd -DVERILATOR=1 -DVM_COVERAGE=0 -DVM_SC=0 -DVM_TIMING=1 -DVM_TRACE=1 -DVM_TRACE_FST=0 -DVM_TRACE_VCD=1 -DVM_TRACE_SAIF=0 -faligned-new -fcf-protection=none -Wno-bool-operation -Wno-int-in-bool-context -Wno-shadow -Wno-sign-compare -Wno-subobject-linkage -Wno-tautological-compare -Wno-uninitialized -Wno-unused-but-set-parameter -Wno-unused-but-set-variable -Wno-unused-parameter -Wno-unused-variable    -DVL_TIME_CONTEXT   -fcoroutines -include Vtop_module_tb__pch.h.slow -c -o Vtop_module_tb___024unit__Slow.o Vtop_module_tb___024unit__Slow.cpp
g++   -I.  -MMD -I/opt/oss-cad-suite/share/verilator/include -I/opt/oss-cad-suite/share/verilator/include/vltstd -DVERILATOR=1 -DVM_COVERAGE=0 -DVM_SC=0 -DVM_TIMING=1 -DVM_TRACE=1 -DVM_TRACE_FST=0 -DVM_TRACE_VCD=1 -DVM_TRACE_SAIF=0 -faligned-new -fcf-protection=none -Wno-bool-operation -Wno-int-in-bool-context -Wno-shadow -Wno-sign-compare -Wno-subobject-linkage -Wno-tautological-compare -Wno-uninitialized -Wno-unused-but-set-parameter -Wno-unused-but-set-variable -Wno-unused-parameter -Wno-unused-variable    -DVL_TIME_CONTEXT   -fcoroutines -include Vtop_module_tb__pch.h.slow -c -o Vtop_module_tb___024unit__0__Slow.o Vtop_module_tb___024unit__0__Slow.cpp
g++   -I.  -MMD -I/opt/oss-cad-suite/share/verilator/include -I/opt/oss-cad-suite/share/verilator/include/vltstd -DVERILATOR=1 -DVM_COVERAGE=0 -DVM_SC=0 -DVM_TIMING=1 -DVM_TRACE=1 -DVM_TRACE_FST=0 -DVM_TRACE_VCD=1 -DVM_TRACE_SAIF=0 -faligned-new -fcf-protection=none -Wno-bool-operation -Wno-int-in-bool-context -Wno-shadow -Wno-sign-compare -Wno-subobject-linkage -Wno-tautological-compare -Wno-uninitialized -Wno-unused-but-set-parameter -Wno-unused-but-set-variable -Wno-unused-parameter -Wno-unused-variable    -DVL_TIME_CONTEXT   -fcoroutines -include Vtop_module_tb__pch.h.slow -c -o Vtop_module_tb__Syms__Slow.o Vtop_module_tb__Syms__Slow.cpp
g++   -I.  -MMD -I/opt/oss-cad-suite/share/verilator/include -I/opt/oss-cad-suite/share/verilator/include/vltstd -DVERILATOR=1 -DVM_COVERAGE=0 -DVM_SC=0 -DVM_TIMING=1 -DVM_TRACE=1 -DVM_TRACE_FST=0 -DVM_TRACE_VCD=1 -DVM_TRACE_SAIF=0 -faligned-new -fcf-protection=none -Wno-bool-operation -Wno-int-in-bool-context -Wno-shadow -Wno-sign-compare -Wno-subobject-linkage -Wno-tautological-compare -Wno-uninitialized -Wno-unused-but-set-parameter -Wno-unused-but-set-variable -Wno-unused-parameter -Wno-unused-variable    -DVL_TIME_CONTEXT   -fcoroutines -include Vtop_module_tb__pch.h.slow -c -o Vtop_module_tb__Trace__0__Slow.o Vtop_module_tb__Trace__0__Slow.cpp
g++   -I.  -MMD -I/opt/oss-cad-suite/share/verilator/include -I/opt/oss-cad-suite/share/verilator/include/vltstd -DVERILATOR=1 -DVM_COVERAGE=0 -DVM_SC=0 -DVM_TIMING=1 -DVM_TRACE=1 -DVM_TRACE_FST=0 -DVM_TRACE_VCD=1 -DVM_TRACE_SAIF=0 -faligned-new -fcf-protection=none -Wno-bool-operation -Wno-int-in-bool-context -Wno-shadow -Wno-sign-compare -Wno-subobject-linkage -Wno-tautological-compare -Wno-uninitialized -Wno-unused-but-set-parameter -Wno-unused-but-set-variable -Wno-unused-parameter -Wno-unused-variable    -DVL_TIME_CONTEXT   -fcoroutines -include Vtop_module_tb__pch.h.slow -c -o Vtop_module_tb__TraceDecls__0__Slow.o Vtop_module_tb__TraceDecls__0__Slow.cpp
g++    verilated.o verilated_vcd_c.o verilated_timing.o verilated_threads.o Vtop_module_tb__ALL.a    -pthread -lpthread -latomic   -o Vtop_module_tb
rm Vtop_module_tb__ALL.verilator_deplist.tmp
make[1]: se sale del directorio '/tmp/tp1-sim.Q3U14C/obj_dir'
- V e r i l a t i o n   R e p o r t: Verilator 5.043 devel rev v5.042-244-g4080284e5
- Verilator: Built from 0.216 MB sources in 15 modules, into 0.292 MB in 12 C++ files needing 0.000 MB
- Verilator: Walltime 10.848 s (elab=0.003, cvt=0.023, bld=10.797); cpu 0.066 s on 2 threads; alloced 281.805 MB
